--------------------------------------------------------------------------------
Release 14.6 Trace  (nt64)
Copyright (c) 1995-2013 Xilinx, Inc.  All rights reserved.

E:\application\Xilinx\Xilinx_ISE\14.6\ISE_DS\ISE\bin\nt64\unwrapped\trce.exe
-intstyle ise -v 3 -s 3 -n 3 -fastpaths -xml flashAndram.twx flashAndram.ncd -o
flashAndram.twr flashAndram.pcf -ucf flashAndram.ucf

Design file:              flashAndram.ncd
Physical constraint file: flashAndram.pcf
Device,package,speed:     xc6slx100,fgg676,C,-3 (PRODUCTION 1.23 2013-06-08)
Report level:             verbose report

Environment Variable      Effect 
--------------------      ------ 
NONE                      No environment variables were set
--------------------------------------------------------------------------------

INFO:Timing:2698 - No timing constraints found, doing default enumeration.
INFO:Timing:3412 - To improve timing, see the Timing Closure User Guide (UG612).
INFO:Timing:2752 - To get complete path coverage, use the unconstrained paths 
   option. All paths that are not constrained will be reported in the 
   unconstrained paths section(s) of the report.
INFO:Timing:3339 - The clock-to-out numbers in this timing report are based on 
   a 50 Ohm transmission line loading model.  For the details of this model, 
   and for more information on accounting for different loading conditions, 
   please see the device datasheet.



Data Sheet report:
-----------------
All values displayed in nanoseconds (ns)

Setup/Hold to clock clk11
-------------+------------+------------+------------+------------+------------------+--------+
             |Max Setup to|  Process   |Max Hold to |  Process   |                  | Clock  |
Source       | clk (edge) |   Corner   | clk (edge) |   Corner   |Internal Clock(s) | Phase  |
-------------+------------+------------+------------+------------+------------------+--------+
FlashData<0> |    6.718(R)|      SLOW  |   -3.327(R)|      FAST  |clk11_BUFGP       |   0.000|
FlashData<1> |    6.040(R)|      SLOW  |   -3.236(R)|      FAST  |clk11_BUFGP       |   0.000|
FlashData<2> |    5.333(R)|      SLOW  |   -2.693(R)|      FAST  |clk11_BUFGP       |   0.000|
FlashData<3> |    6.847(R)|      SLOW  |   -3.647(R)|      FAST  |clk11_BUFGP       |   0.000|
FlashData<4> |    7.925(R)|      SLOW  |   -3.822(R)|      FAST  |clk11_BUFGP       |   0.000|
FlashData<5> |    5.927(R)|      SLOW  |   -2.719(R)|      FAST  |clk11_BUFGP       |   0.000|
FlashData<6> |    5.664(R)|      SLOW  |   -2.400(R)|      FAST  |clk11_BUFGP       |   0.000|
FlashData<7> |    6.781(R)|      SLOW  |   -2.517(R)|      FAST  |clk11_BUFGP       |   0.000|
FlashData<8> |    5.661(R)|      SLOW  |   -2.345(R)|      FAST  |clk11_BUFGP       |   0.000|
FlashData<9> |    6.245(R)|      SLOW  |   -2.601(R)|      FAST  |clk11_BUFGP       |   0.000|
FlashData<10>|    6.580(R)|      SLOW  |   -2.987(R)|      FAST  |clk11_BUFGP       |   0.000|
FlashData<11>|    7.850(R)|      SLOW  |   -3.647(R)|      FAST  |clk11_BUFGP       |   0.000|
FlashData<12>|    6.696(R)|      SLOW  |   -2.765(R)|      FAST  |clk11_BUFGP       |   0.000|
FlashData<13>|    6.356(R)|      SLOW  |   -2.609(R)|      FAST  |clk11_BUFGP       |   0.000|
FlashData<14>|    6.325(R)|      SLOW  |   -2.609(R)|      FAST  |clk11_BUFGP       |   0.000|
FlashData<15>|    5.975(R)|      SLOW  |   -2.309(R)|      FAST  |clk11_BUFGP       |   0.000|
Ram1Data<0>  |    5.010(R)|      SLOW  |   -2.289(R)|      FAST  |clk11_BUFGP       |   0.000|
Ram1Data<1>  |    3.298(R)|      SLOW  |   -1.652(R)|      FAST  |clk11_BUFGP       |   0.000|
Ram1Data<2>  |    3.886(R)|      SLOW  |   -1.197(R)|      SLOW  |clk11_BUFGP       |   0.000|
Ram1Data<3>  |    3.843(R)|      SLOW  |   -1.721(R)|      FAST  |clk11_BUFGP       |   0.000|
Ram1Data<4>  |    3.876(R)|      SLOW  |   -2.183(R)|      FAST  |clk11_BUFGP       |   0.000|
Ram1Data<5>  |    4.609(R)|      SLOW  |   -2.211(R)|      FAST  |clk11_BUFGP       |   0.000|
Ram1Data<6>  |    5.182(R)|      SLOW  |   -2.899(R)|      FAST  |clk11_BUFGP       |   0.000|
Ram1Data<7>  |    3.977(R)|      SLOW  |   -1.573(R)|      FAST  |clk11_BUFGP       |   0.000|
Ram1Data<8>  |    4.929(R)|      SLOW  |   -2.584(R)|      FAST  |clk11_BUFGP       |   0.000|
Ram1Data<9>  |    4.434(R)|      SLOW  |   -2.047(R)|      FAST  |clk11_BUFGP       |   0.000|
Ram1Data<10> |    5.368(R)|      SLOW  |   -2.850(R)|      FAST  |clk11_BUFGP       |   0.000|
Ram1Data<11> |    5.016(R)|      SLOW  |   -2.156(R)|      FAST  |clk11_BUFGP       |   0.000|
Ram1Data<12> |    5.743(R)|      SLOW  |   -3.174(R)|      FAST  |clk11_BUFGP       |   0.000|
Ram1Data<13> |    6.369(R)|      SLOW  |   -2.126(R)|      FAST  |clk11_BUFGP       |   0.000|
Ram1Data<14> |    6.684(R)|      SLOW  |   -2.314(R)|      FAST  |clk11_BUFGP       |   0.000|
Ram1Data<15> |    6.786(R)|      SLOW  |   -2.609(R)|      FAST  |clk11_BUFGP       |   0.000|
Ram1Data<16> |    6.007(R)|      SLOW  |   -3.676(R)|      FAST  |clk11_BUFGP       |   0.000|
Ram1Data<17> |    5.695(R)|      SLOW  |   -2.636(R)|      FAST  |clk11_BUFGP       |   0.000|
Ram1Data<18> |    4.505(R)|      SLOW  |   -1.537(R)|      FAST  |clk11_BUFGP       |   0.000|
Ram1Data<19> |    4.695(R)|      SLOW  |   -1.579(R)|      FAST  |clk11_BUFGP       |   0.000|
Ram1Data<20> |    3.129(R)|      SLOW  |   -1.800(R)|      FAST  |clk11_BUFGP       |   0.000|
Ram1Data<21> |    2.919(R)|      SLOW  |   -1.457(R)|      FAST  |clk11_BUFGP       |   0.000|
Ram1Data<22> |    2.973(R)|      SLOW  |   -1.386(R)|      FAST  |clk11_BUFGP       |   0.000|
Ram1Data<23> |    3.068(R)|      SLOW  |   -1.442(R)|      FAST  |clk11_BUFGP       |   0.000|
Ram1Data<24> |    5.317(R)|      SLOW  |   -2.933(R)|      FAST  |clk11_BUFGP       |   0.000|
Ram1Data<25> |    5.410(R)|      SLOW  |   -2.977(R)|      FAST  |clk11_BUFGP       |   0.000|
Ram1Data<26> |    5.020(R)|      SLOW  |   -1.983(R)|      FAST  |clk11_BUFGP       |   0.000|
Ram1Data<27> |    4.452(R)|      SLOW  |   -1.767(R)|      FAST  |clk11_BUFGP       |   0.000|
Ram1Data<28> |    4.635(R)|      SLOW  |   -1.935(R)|      FAST  |clk11_BUFGP       |   0.000|
Ram1Data<29> |    4.960(R)|      SLOW  |   -2.048(R)|      FAST  |clk11_BUFGP       |   0.000|
Ram1Data<30> |    4.887(R)|      SLOW  |   -2.893(R)|      FAST  |clk11_BUFGP       |   0.000|
Ram1Data<31> |    4.885(R)|      SLOW  |   -2.926(R)|      FAST  |clk11_BUFGP       |   0.000|
Ram2Data<0>  |    5.860(R)|      SLOW  |   -1.575(R)|      FAST  |clk11_BUFGP       |   0.000|
Ram2Data<1>  |    5.842(R)|      SLOW  |   -1.437(R)|      FAST  |clk11_BUFGP       |   0.000|
Ram2Data<2>  |    5.867(R)|      SLOW  |   -1.658(R)|      FAST  |clk11_BUFGP       |   0.000|
Ram2Data<3>  |    5.854(R)|      SLOW  |   -1.415(R)|      FAST  |clk11_BUFGP       |   0.000|
Ram2Data<4>  |    5.703(R)|      SLOW  |   -2.138(R)|      FAST  |clk11_BUFGP       |   0.000|
Ram2Data<5>  |    5.781(R)|      SLOW  |   -2.054(R)|      FAST  |clk11_BUFGP       |   0.000|
Ram2Data<6>  |    5.781(R)|      SLOW  |   -2.145(R)|      FAST  |clk11_BUFGP       |   0.000|
Ram2Data<7>  |    5.317(R)|      SLOW  |   -1.954(R)|      FAST  |clk11_BUFGP       |   0.000|
Ram2Data<8>  |    3.364(R)|      SLOW  |   -1.337(R)|      FAST  |clk11_BUFGP       |   0.000|
Ram2Data<9>  |    3.339(R)|      SLOW  |   -1.360(R)|      FAST  |clk11_BUFGP       |   0.000|
Ram2Data<10> |    4.793(R)|      SLOW  |   -1.954(R)|      FAST  |clk11_BUFGP       |   0.000|
Ram2Data<11> |    5.197(R)|      SLOW  |   -2.405(R)|      FAST  |clk11_BUFGP       |   0.000|
Ram2Data<12> |    4.299(R)|      SLOW  |   -1.205(R)|      FAST  |clk11_BUFGP       |   0.000|
Ram2Data<13> |    5.051(R)|      SLOW  |   -1.790(R)|      FAST  |clk11_BUFGP       |   0.000|
Ram2Data<14> |    4.488(R)|      SLOW  |   -1.271(R)|      FAST  |clk11_BUFGP       |   0.000|
Ram2Data<15> |    4.790(R)|      SLOW  |   -2.729(R)|      FAST  |clk11_BUFGP       |   0.000|
Ram2Data<16> |    2.183(R)|      SLOW  |   -1.338(R)|      FAST  |clk11_BUFGP       |   0.000|
Ram2Data<17> |    2.444(R)|      SLOW  |   -1.270(R)|      FAST  |clk11_BUFGP       |   0.000|
Ram2Data<18> |    2.428(R)|      SLOW  |   -1.150(R)|      SLOW  |clk11_BUFGP       |   0.000|
Ram2Data<19> |    2.040(R)|      SLOW  |   -1.268(R)|      SLOW  |clk11_BUFGP       |   0.000|
Ram2Data<20> |    2.694(R)|      SLOW  |   -1.297(R)|      FAST  |clk11_BUFGP       |   0.000|
Ram2Data<21> |    2.818(R)|      SLOW  |   -1.345(R)|      FAST  |clk11_BUFGP       |   0.000|
Ram2Data<22> |    2.331(R)|      SLOW  |   -1.026(R)|      FAST  |clk11_BUFGP       |   0.000|
Ram2Data<23> |    3.667(R)|      SLOW  |   -1.670(R)|      FAST  |clk11_BUFGP       |   0.000|
Ram2Data<24> |    5.427(R)|      SLOW  |   -3.088(R)|      FAST  |clk11_BUFGP       |   0.000|
Ram2Data<25> |    4.703(R)|      SLOW  |   -2.731(R)|      FAST  |clk11_BUFGP       |   0.000|
Ram2Data<26> |    4.362(R)|      SLOW  |   -2.592(R)|      FAST  |clk11_BUFGP       |   0.000|
Ram2Data<27> |    4.578(R)|      SLOW  |   -2.157(R)|      FAST  |clk11_BUFGP       |   0.000|
Ram2Data<28> |    4.560(R)|      SLOW  |   -2.314(R)|      FAST  |clk11_BUFGP       |   0.000|
Ram2Data<29> |    4.454(R)|      SLOW  |   -2.293(R)|      FAST  |clk11_BUFGP       |   0.000|
Ram2Data<30> |    4.482(R)|      SLOW  |   -2.039(R)|      FAST  |clk11_BUFGP       |   0.000|
Ram2Data<31> |    2.839(R)|      SLOW  |   -1.049(R)|      FAST  |clk11_BUFGP       |   0.000|
data_ready   |    7.366(R)|      SLOW  |   -0.131(R)|      SLOW  |clk11_BUFGP       |   0.000|
rst          |   15.214(R)|      SLOW  |   -1.052(R)|      SLOW  |clk11_BUFGP       |   0.000|
tbre         |    6.289(R)|      SLOW  |   -2.690(R)|      FAST  |clk11_BUFGP       |   0.000|
tsre         |    5.795(R)|      SLOW  |   -1.465(R)|      FAST  |clk11_BUFGP       |   0.000|
-------------+------------+------------+------------+------------+------------------+--------+

Clock clk11 to Pad
-------------+-----------------+------------+-----------------+------------+------------------+--------+
             |Max (slowest) clk|  Process   |Min (fastest) clk|  Process   |                  | Clock  |
Destination  |  (edge) to PAD  |   Corner   |  (edge) to PAD  |   Corner   |Internal Clock(s) | Phase  |
-------------+-----------------+------------+-----------------+------------+------------------+--------+
DYP0<0>      |        15.295(R)|      SLOW  |         8.691(R)|      FAST  |clk11_BUFGP       |   0.000|
DYP0<1>      |        15.462(R)|      SLOW  |         8.462(R)|      FAST  |clk11_BUFGP       |   0.000|
DYP0<2>      |        14.764(R)|      SLOW  |         8.048(R)|      FAST  |clk11_BUFGP       |   0.000|
DYP0<3>      |        15.393(R)|      SLOW  |         8.769(R)|      FAST  |clk11_BUFGP       |   0.000|
DYP0<4>      |        15.307(R)|      SLOW  |         8.338(R)|      FAST  |clk11_BUFGP       |   0.000|
DYP0<5>      |        15.583(R)|      SLOW  |         8.419(R)|      FAST  |clk11_BUFGP       |   0.000|
DYP0<6>      |        15.096(R)|      SLOW  |         8.102(R)|      FAST  |clk11_BUFGP       |   0.000|
DYP1<0>      |        15.042(R)|      SLOW  |         8.084(R)|      FAST  |clk11_BUFGP       |   0.000|
DYP1<1>      |        14.707(R)|      SLOW  |         7.875(R)|      FAST  |clk11_BUFGP       |   0.000|
DYP1<2>      |        15.117(R)|      SLOW  |         7.726(R)|      FAST  |clk11_BUFGP       |   0.000|
DYP1<3>      |        16.399(R)|      SLOW  |         8.152(R)|      FAST  |clk11_BUFGP       |   0.000|
DYP1<4>      |        16.133(R)|      SLOW  |         8.151(R)|      FAST  |clk11_BUFGP       |   0.000|
DYP1<5>      |        16.149(R)|      SLOW  |         8.213(R)|      FAST  |clk11_BUFGP       |   0.000|
DYP1<6>      |        13.962(R)|      SLOW  |         7.184(R)|      FAST  |clk11_BUFGP       |   0.000|
FlashAddr<1> |        12.533(R)|      SLOW  |         7.032(R)|      FAST  |clk11_BUFGP       |   0.000|
FlashAddr<2> |        12.824(R)|      SLOW  |         7.182(R)|      FAST  |clk11_BUFGP       |   0.000|
FlashAddr<3> |        12.788(R)|      SLOW  |         7.215(R)|      FAST  |clk11_BUFGP       |   0.000|
FlashAddr<4> |        12.963(R)|      SLOW  |         7.306(R)|      FAST  |clk11_BUFGP       |   0.000|
FlashAddr<5> |        12.878(R)|      SLOW  |         7.272(R)|      FAST  |clk11_BUFGP       |   0.000|
FlashAddr<6> |        13.046(R)|      SLOW  |         7.376(R)|      FAST  |clk11_BUFGP       |   0.000|
FlashAddr<7> |        13.058(R)|      SLOW  |         7.324(R)|      FAST  |clk11_BUFGP       |   0.000|
FlashAddr<8> |        12.889(R)|      SLOW  |         7.247(R)|      FAST  |clk11_BUFGP       |   0.000|
FlashAddr<9> |        12.749(R)|      SLOW  |         7.176(R)|      FAST  |clk11_BUFGP       |   0.000|
FlashAddr<10>|        12.888(R)|      SLOW  |         7.233(R)|      FAST  |clk11_BUFGP       |   0.000|
FlashAddr<11>|        12.647(R)|      SLOW  |         7.051(R)|      FAST  |clk11_BUFGP       |   0.000|
FlashAddr<12>|        12.918(R)|      SLOW  |         7.248(R)|      FAST  |clk11_BUFGP       |   0.000|
FlashAddr<13>|        12.919(R)|      SLOW  |         7.272(R)|      FAST  |clk11_BUFGP       |   0.000|
FlashAddr<14>|        12.894(R)|      SLOW  |         7.218(R)|      FAST  |clk11_BUFGP       |   0.000|
FlashAddr<15>|        14.029(R)|      SLOW  |         7.887(R)|      FAST  |clk11_BUFGP       |   0.000|
FlashAddr<16>|        13.864(R)|      SLOW  |         7.780(R)|      FAST  |clk11_BUFGP       |   0.000|
FlashAddr<17>|        13.481(R)|      SLOW  |         7.529(R)|      FAST  |clk11_BUFGP       |   0.000|
FlashAddr<18>|        13.495(R)|      SLOW  |         7.580(R)|      FAST  |clk11_BUFGP       |   0.000|
FlashAddr<19>|        14.140(R)|      SLOW  |         8.034(R)|      FAST  |clk11_BUFGP       |   0.000|
FlashAddr<20>|        13.866(R)|      SLOW  |         7.846(R)|      FAST  |clk11_BUFGP       |   0.000|
FlashAddr<21>|        12.004(R)|      SLOW  |         6.735(R)|      FAST  |clk11_BUFGP       |   0.000|
FlashAddr<22>|        13.661(R)|      SLOW  |         7.696(R)|      FAST  |clk11_BUFGP       |   0.000|
FlashData<0> |        12.896(R)|      SLOW  |         6.992(R)|      FAST  |clk11_BUFGP       |   0.000|
FlashData<1> |        12.316(R)|      SLOW  |         6.566(R)|      FAST  |clk11_BUFGP       |   0.000|
FlashData<2> |        10.764(R)|      SLOW  |         5.642(R)|      FAST  |clk11_BUFGP       |   0.000|
FlashData<3> |        12.701(R)|      SLOW  |         6.579(R)|      FAST  |clk11_BUFGP       |   0.000|
FlashData<4> |        14.137(R)|      SLOW  |         7.057(R)|      FAST  |clk11_BUFGP       |   0.000|
FlashData<5> |        11.975(R)|      SLOW  |         6.330(R)|      FAST  |clk11_BUFGP       |   0.000|
FlashData<6> |        11.616(R)|      SLOW  |         6.109(R)|      FAST  |clk11_BUFGP       |   0.000|
FlashData<7> |        11.241(R)|      SLOW  |         5.805(R)|      FAST  |clk11_BUFGP       |   0.000|
FlashData<8> |        10.882(R)|      SLOW  |         5.838(R)|      FAST  |clk11_BUFGP       |   0.000|
FlashData<9> |        12.316(R)|      SLOW  |         6.128(R)|      FAST  |clk11_BUFGP       |   0.000|
FlashData<10>|        13.092(R)|      SLOW  |         6.482(R)|      FAST  |clk11_BUFGP       |   0.000|
FlashData<11>|        14.505(R)|      SLOW  |         6.984(R)|      FAST  |clk11_BUFGP       |   0.000|
FlashData<12>|        12.141(R)|      SLOW  |         6.141(R)|      FAST  |clk11_BUFGP       |   0.000|
FlashData<13>|        11.975(R)|      SLOW  |         6.521(R)|      FAST  |clk11_BUFGP       |   0.000|
FlashData<14>|        11.476(R)|      SLOW  |         6.108(R)|      FAST  |clk11_BUFGP       |   0.000|
FlashData<15>|        11.116(R)|      SLOW  |         6.030(R)|      FAST  |clk11_BUFGP       |   0.000|
FlashOE      |        10.586(R)|      SLOW  |         5.866(R)|      FAST  |clk11_BUFGP       |   0.000|
FlashWE      |        10.209(R)|      SLOW  |         5.598(R)|      FAST  |clk11_BUFGP       |   0.000|
LED<0>       |        15.875(R)|      SLOW  |         7.531(R)|      FAST  |clk11_BUFGP       |   0.000|
LED<1>       |        16.520(R)|      SLOW  |         7.941(R)|      FAST  |clk11_BUFGP       |   0.000|
LED<2>       |        14.968(R)|      SLOW  |         7.657(R)|      FAST  |clk11_BUFGP       |   0.000|
LED<3>       |        15.800(R)|      SLOW  |         7.331(R)|      FAST  |clk11_BUFGP       |   0.000|
LED<4>       |        15.833(R)|      SLOW  |         7.910(R)|      FAST  |clk11_BUFGP       |   0.000|
LED<5>       |        15.171(R)|      SLOW  |         7.081(R)|      FAST  |clk11_BUFGP       |   0.000|
LED<6>       |        15.540(R)|      SLOW  |         7.752(R)|      FAST  |clk11_BUFGP       |   0.000|
LED<7>       |        14.696(R)|      SLOW  |         7.101(R)|      FAST  |clk11_BUFGP       |   0.000|
LED<8>       |        17.634(R)|      SLOW  |         8.375(R)|      FAST  |clk11_BUFGP       |   0.000|
LED<9>       |        19.163(R)|      SLOW  |         9.000(R)|      FAST  |clk11_BUFGP       |   0.000|
LED<10>      |        16.695(R)|      SLOW  |         7.755(R)|      FAST  |clk11_BUFGP       |   0.000|
LED<11>      |        16.992(R)|      SLOW  |         7.818(R)|      FAST  |clk11_BUFGP       |   0.000|
LED<12>      |        16.971(R)|      SLOW  |         8.161(R)|      FAST  |clk11_BUFGP       |   0.000|
LED<13>      |        16.851(R)|      SLOW  |         8.042(R)|      FAST  |clk11_BUFGP       |   0.000|
LED<14>      |        16.663(R)|      SLOW  |         7.879(R)|      FAST  |clk11_BUFGP       |   0.000|
LED<15>      |        17.350(R)|      SLOW  |         8.252(R)|      FAST  |clk11_BUFGP       |   0.000|
Ram1Addr<0>  |         7.297(R)|      SLOW  |         3.743(R)|      FAST  |clk11_BUFGP       |   0.000|
Ram1Addr<1>  |         7.070(R)|      SLOW  |         3.621(R)|      FAST  |clk11_BUFGP       |   0.000|
Ram1Addr<2>  |         7.193(R)|      SLOW  |         3.703(R)|      FAST  |clk11_BUFGP       |   0.000|
Ram1Addr<3>  |         6.888(R)|      SLOW  |         3.517(R)|      FAST  |clk11_BUFGP       |   0.000|
Ram1Addr<4>  |        10.674(R)|      SLOW  |         5.839(R)|      FAST  |clk11_BUFGP       |   0.000|
Ram1Addr<5>  |         9.759(R)|      SLOW  |         5.231(R)|      FAST  |clk11_BUFGP       |   0.000|
Ram1Addr<6>  |         9.996(R)|      SLOW  |         5.441(R)|      FAST  |clk11_BUFGP       |   0.000|
Ram1Addr<7>  |         9.829(R)|      SLOW  |         5.312(R)|      FAST  |clk11_BUFGP       |   0.000|
Ram1Addr<8>  |         9.752(R)|      SLOW  |         5.247(R)|      FAST  |clk11_BUFGP       |   0.000|
Ram1Addr<9>  |        10.346(R)|      SLOW  |         5.647(R)|      FAST  |clk11_BUFGP       |   0.000|
Ram1Addr<10> |        10.294(R)|      SLOW  |         5.654(R)|      FAST  |clk11_BUFGP       |   0.000|
Ram1Addr<11> |        10.000(R)|      SLOW  |         5.444(R)|      FAST  |clk11_BUFGP       |   0.000|
Ram1Addr<12> |        10.583(R)|      SLOW  |         5.788(R)|      FAST  |clk11_BUFGP       |   0.000|
Ram1Addr<13> |         8.972(R)|      SLOW  |         4.812(R)|      FAST  |clk11_BUFGP       |   0.000|
Ram1Addr<14> |        10.684(R)|      SLOW  |         5.876(R)|      FAST  |clk11_BUFGP       |   0.000|
Ram1Addr<15> |         8.026(R)|      SLOW  |         4.247(R)|      FAST  |clk11_BUFGP       |   0.000|
Ram1Addr<16> |         9.110(R)|      SLOW  |         4.860(R)|      FAST  |clk11_BUFGP       |   0.000|
Ram1Addr<17> |         7.994(R)|      SLOW  |         4.193(R)|      FAST  |clk11_BUFGP       |   0.000|
Ram1Addr<18> |         9.831(R)|      SLOW  |         5.257(R)|      FAST  |clk11_BUFGP       |   0.000|
Ram1Addr<19> |         7.909(R)|      SLOW  |         4.111(R)|      FAST  |clk11_BUFGP       |   0.000|
Ram1Data<0>  |        12.090(R)|      SLOW  |         6.044(R)|      FAST  |clk11_BUFGP       |   0.000|
Ram1Data<1>  |         9.660(R)|      SLOW  |         5.190(R)|      FAST  |clk11_BUFGP       |   0.000|
Ram1Data<2>  |         9.858(R)|      SLOW  |         4.972(R)|      FAST  |clk11_BUFGP       |   0.000|
Ram1Data<3>  |         9.592(R)|      SLOW  |         5.099(R)|      FAST  |clk11_BUFGP       |   0.000|
Ram1Data<4>  |        10.005(R)|      SLOW  |         5.294(R)|      FAST  |clk11_BUFGP       |   0.000|
Ram1Data<5>  |        11.549(R)|      SLOW  |         5.935(R)|      FAST  |clk11_BUFGP       |   0.000|
Ram1Data<6>  |        13.152(R)|      SLOW  |         6.703(R)|      FAST  |clk11_BUFGP       |   0.000|
Ram1Data<7>  |         9.610(R)|      SLOW  |         5.099(R)|      FAST  |clk11_BUFGP       |   0.000|
Ram1Data<8>  |        16.528(R)|      SLOW  |         5.436(R)|      FAST  |clk11_BUFGP       |   0.000|
Ram1Data<9>  |        15.999(R)|      SLOW  |         5.482(R)|      FAST  |clk11_BUFGP       |   0.000|
Ram1Data<10> |        16.237(R)|      SLOW  |         5.383(R)|      FAST  |clk11_BUFGP       |   0.000|
Ram1Data<11> |        15.179(R)|      SLOW  |         5.266(R)|      FAST  |clk11_BUFGP       |   0.000|
Ram1Data<12> |        15.179(R)|      SLOW  |         5.171(R)|      FAST  |clk11_BUFGP       |   0.000|
Ram1Data<13> |        17.567(R)|      SLOW  |         5.845(R)|      FAST  |clk11_BUFGP       |   0.000|
Ram1Data<14> |        17.567(R)|      SLOW  |         5.709(R)|      FAST  |clk11_BUFGP       |   0.000|
Ram1Data<15> |        17.332(R)|      SLOW  |         5.793(R)|      FAST  |clk11_BUFGP       |   0.000|
Ram1Data<16> |        12.686(R)|      SLOW  |         5.910(R)|      FAST  |clk11_BUFGP       |   0.000|
Ram1Data<17> |        12.686(R)|      SLOW  |         5.794(R)|      FAST  |clk11_BUFGP       |   0.000|
Ram1Data<18> |        11.624(R)|      SLOW  |         5.106(R)|      FAST  |clk11_BUFGP       |   0.000|
Ram1Data<19> |        11.624(R)|      SLOW  |         5.079(R)|      FAST  |clk11_BUFGP       |   0.000|
Ram1Data<20> |         9.703(R)|      SLOW  |         5.027(R)|      FAST  |clk11_BUFGP       |   0.000|
Ram1Data<21> |         9.703(R)|      SLOW  |         5.029(R)|      FAST  |clk11_BUFGP       |   0.000|
Ram1Data<22> |         9.688(R)|      SLOW  |         4.775(R)|      FAST  |clk11_BUFGP       |   0.000|
Ram1Data<23> |         9.281(R)|      SLOW  |         4.787(R)|      FAST  |clk11_BUFGP       |   0.000|
Ram1Data<24> |        17.242(R)|      SLOW  |         5.820(R)|      FAST  |clk11_BUFGP       |   0.000|
Ram1Data<25> |        17.242(R)|      SLOW  |         5.817(R)|      FAST  |clk11_BUFGP       |   0.000|
Ram1Data<26> |        16.237(R)|      SLOW  |         5.452(R)|      FAST  |clk11_BUFGP       |   0.000|
Ram1Data<27> |        16.216(R)|      SLOW  |         5.374(R)|      FAST  |clk11_BUFGP       |   0.000|
Ram1Data<28> |        16.216(R)|      SLOW  |         5.586(R)|      FAST  |clk11_BUFGP       |   0.000|
Ram1Data<29> |        15.698(R)|      SLOW  |         5.629(R)|      FAST  |clk11_BUFGP       |   0.000|
Ram1Data<30> |        15.915(R)|      SLOW  |         5.528(R)|      FAST  |clk11_BUFGP       |   0.000|
Ram1Data<31> |        15.915(R)|      SLOW  |         5.443(R)|      FAST  |clk11_BUFGP       |   0.000|
Ram1EN       |         7.270(R)|      SLOW  |         3.786(R)|      FAST  |clk11_BUFGP       |   0.000|
Ram1OE       |         7.268(R)|      SLOW  |         3.735(R)|      FAST  |clk11_BUFGP       |   0.000|
Ram1WE       |         7.405(R)|      SLOW  |         3.876(R)|      FAST  |clk11_BUFGP       |   0.000|
Ram2Addr<0>  |        10.870(R)|      SLOW  |         5.955(R)|      FAST  |clk11_BUFGP       |   0.000|
Ram2Addr<1>  |         7.712(R)|      SLOW  |         4.045(R)|      FAST  |clk11_BUFGP       |   0.000|
Ram2Addr<2>  |        11.154(R)|      SLOW  |         6.153(R)|      FAST  |clk11_BUFGP       |   0.000|
Ram2Addr<3>  |         9.856(R)|      SLOW  |         5.358(R)|      FAST  |clk11_BUFGP       |   0.000|
Ram2Addr<4>  |         9.690(R)|      SLOW  |         5.363(R)|      FAST  |clk11_BUFGP       |   0.000|
Ram2Addr<5>  |         9.898(R)|      SLOW  |         5.403(R)|      FAST  |clk11_BUFGP       |   0.000|
Ram2Addr<6>  |         9.614(R)|      SLOW  |         5.183(R)|      FAST  |clk11_BUFGP       |   0.000|
Ram2Addr<7>  |        10.493(R)|      SLOW  |         5.823(R)|      FAST  |clk11_BUFGP       |   0.000|
Ram2Addr<8>  |         9.272(R)|      SLOW  |         4.968(R)|      FAST  |clk11_BUFGP       |   0.000|
Ram2Addr<9>  |         9.440(R)|      SLOW  |         5.116(R)|      FAST  |clk11_BUFGP       |   0.000|
Ram2Addr<10> |         9.607(R)|      SLOW  |         5.245(R)|      FAST  |clk11_BUFGP       |   0.000|
Ram2Addr<11> |         9.550(R)|      SLOW  |         5.162(R)|      FAST  |clk11_BUFGP       |   0.000|
Ram2Addr<12> |        10.141(R)|      SLOW  |         5.545(R)|      FAST  |clk11_BUFGP       |   0.000|
Ram2Addr<13> |        10.078(R)|      SLOW  |         5.481(R)|      FAST  |clk11_BUFGP       |   0.000|
Ram2Addr<14> |        10.219(R)|      SLOW  |         5.573(R)|      FAST  |clk11_BUFGP       |   0.000|
Ram2Addr<15> |         7.475(R)|      SLOW  |         3.934(R)|      FAST  |clk11_BUFGP       |   0.000|
Ram2Addr<16> |         7.495(R)|      SLOW  |         3.946(R)|      FAST  |clk11_BUFGP       |   0.000|
Ram2Addr<17> |         9.126(R)|      SLOW  |         4.918(R)|      FAST  |clk11_BUFGP       |   0.000|
Ram2Addr<18> |         9.367(R)|      SLOW  |         5.070(R)|      FAST  |clk11_BUFGP       |   0.000|
Ram2Addr<19> |        10.275(R)|      SLOW  |         5.604(R)|      FAST  |clk11_BUFGP       |   0.000|
Ram2Data<0>  |        17.346(R)|      SLOW  |         4.758(R)|      FAST  |clk11_BUFGP       |   0.000|
Ram2Data<1>  |        17.346(R)|      SLOW  |         4.925(R)|      FAST  |clk11_BUFGP       |   0.000|
Ram2Data<2>  |        17.573(R)|      SLOW  |         5.049(R)|      FAST  |clk11_BUFGP       |   0.000|
Ram2Data<3>  |        17.573(R)|      SLOW  |         5.049(R)|      FAST  |clk11_BUFGP       |   0.000|
Ram2Data<4>  |        17.534(R)|      SLOW  |         5.705(R)|      FAST  |clk11_BUFGP       |   0.000|
Ram2Data<5>  |        17.226(R)|      SLOW  |         5.693(R)|      FAST  |clk11_BUFGP       |   0.000|
Ram2Data<6>  |        17.318(R)|      SLOW  |         5.755(R)|      FAST  |clk11_BUFGP       |   0.000|
Ram2Data<7>  |        16.858(R)|      SLOW  |         5.605(R)|      FAST  |clk11_BUFGP       |   0.000|
Ram2Data<8>  |        13.188(R)|      SLOW  |         5.404(R)|      FAST  |clk11_BUFGP       |   0.000|
Ram2Data<9>  |        13.188(R)|      SLOW  |         5.255(R)|      FAST  |clk11_BUFGP       |   0.000|
Ram2Data<10> |        15.272(R)|      SLOW  |         5.465(R)|      FAST  |clk11_BUFGP       |   0.000|
Ram2Data<11> |        15.275(R)|      SLOW  |         5.438(R)|      FAST  |clk11_BUFGP       |   0.000|
Ram2Data<12> |        13.459(R)|      SLOW  |         4.878(R)|      FAST  |clk11_BUFGP       |   0.000|
Ram2Data<13> |        15.205(R)|      SLOW  |         5.533(R)|      FAST  |clk11_BUFGP       |   0.000|
Ram2Data<14> |        13.160(R)|      SLOW  |         4.795(R)|      FAST  |clk11_BUFGP       |   0.000|
Ram2Data<15> |        12.890(R)|      SLOW  |         6.284(R)|      FAST  |clk11_BUFGP       |   0.000|
Ram2Data<16> |        10.948(R)|      SLOW  |         4.916(R)|      FAST  |clk11_BUFGP       |   0.000|
Ram2Data<17> |        10.948(R)|      SLOW  |         4.928(R)|      FAST  |clk11_BUFGP       |   0.000|
Ram2Data<18> |        11.665(R)|      SLOW  |         4.797(R)|      FAST  |clk11_BUFGP       |   0.000|
Ram2Data<19> |        11.299(R)|      SLOW  |         4.596(R)|      FAST  |clk11_BUFGP       |   0.000|
Ram2Data<20> |        11.299(R)|      SLOW  |         4.587(R)|      FAST  |clk11_BUFGP       |   0.000|
Ram2Data<21> |        12.022(R)|      SLOW  |         4.828(R)|      FAST  |clk11_BUFGP       |   0.000|
Ram2Data<22> |        10.576(R)|      SLOW  |         4.573(R)|      FAST  |clk11_BUFGP       |   0.000|
Ram2Data<23> |        10.930(R)|      SLOW  |         5.865(R)|      FAST  |clk11_BUFGP       |   0.000|
Ram2Data<24> |        16.893(R)|      SLOW  |         6.172(R)|      FAST  |clk11_BUFGP       |   0.000|
Ram2Data<25> |        16.481(R)|      SLOW  |         6.291(R)|      FAST  |clk11_BUFGP       |   0.000|
Ram2Data<26> |        15.844(R)|      SLOW  |         5.993(R)|      FAST  |clk11_BUFGP       |   0.000|
Ram2Data<27> |        15.835(R)|      SLOW  |         5.631(R)|      FAST  |clk11_BUFGP       |   0.000|
Ram2Data<28> |        15.912(R)|      SLOW  |         5.496(R)|      FAST  |clk11_BUFGP       |   0.000|
Ram2Data<29> |        15.728(R)|      SLOW  |         5.581(R)|      FAST  |clk11_BUFGP       |   0.000|
Ram2Data<30> |        15.728(R)|      SLOW  |         5.606(R)|      FAST  |clk11_BUFGP       |   0.000|
Ram2Data<31> |        13.462(R)|      SLOW  |         4.827(R)|      FAST  |clk11_BUFGP       |   0.000|
Ram2EN       |         6.942(R)|      SLOW  |         3.586(R)|      FAST  |clk11_BUFGP       |   0.000|
Ram2OE       |         7.516(R)|      SLOW  |         3.985(R)|      FAST  |clk11_BUFGP       |   0.000|
Ram2WE       |         7.157(R)|      SLOW  |         3.722(R)|      FAST  |clk11_BUFGP       |   0.000|
rdn          |         7.663(R)|      SLOW  |         4.025(R)|      FAST  |clk11_BUFGP       |   0.000|
wrn          |         7.270(R)|      SLOW  |         3.786(R)|      FAST  |clk11_BUFGP       |   0.000|
-------------+-----------------+------------+-----------------+------------+------------------+--------+

Clock to Setup on destination clock clk11
---------------+---------+---------+---------+---------+
               | Src:Rise| Src:Fall| Src:Rise| Src:Fall|
Source Clock   |Dest:Rise|Dest:Rise|Dest:Fall|Dest:Fall|
---------------+---------+---------+---------+---------+
clk11          |    8.914|         |         |         |
---------------+---------+---------+---------+---------+

Pad to Pad
---------------+---------------+---------+
Source Pad     |Destination Pad|  Delay  |
---------------+---------------+---------+
FlashData<0>   |LED<0>         |   17.702|
FlashData<1>   |LED<1>         |   17.354|
FlashData<2>   |LED<2>         |   17.604|
FlashData<3>   |LED<3>         |   18.517|
FlashData<4>   |LED<4>         |   19.182|
FlashData<5>   |LED<5>         |   16.913|
FlashData<6>   |LED<6>         |   17.300|
FlashData<7>   |LED<7>         |   17.551|
FlashData<8>   |LED<8>         |   17.985|
FlashData<9>   |LED<9>         |   19.187|
FlashData<10>  |LED<10>        |   18.402|
FlashData<11>  |LED<11>        |   19.944|
FlashData<12>  |LED<12>        |   18.388|
FlashData<13>  |LED<13>        |   18.500|
FlashData<14>  |LED<14>        |   17.914|
FlashData<15>  |LED<15>        |   17.993|
SW<0>          |LED<0>         |   19.983|
SW<0>          |LED<1>         |   21.007|
SW<0>          |LED<2>         |   21.509|
SW<0>          |LED<3>         |   20.942|
SW<0>          |LED<4>         |   21.065|
SW<0>          |LED<5>         |   20.355|
SW<0>          |LED<6>         |   20.870|
SW<0>          |LED<7>         |   20.438|
SW<0>          |LED<8>         |   22.843|
SW<0>          |LED<9>         |   24.014|
SW<0>          |LED<10>        |   21.795|
SW<0>          |LED<11>        |   22.123|
SW<0>          |LED<12>        |   22.257|
SW<0>          |LED<13>        |   22.420|
SW<0>          |LED<14>        |   21.851|
SW<0>          |LED<15>        |   21.566|
SW<1>          |LED<0>         |   18.651|
SW<1>          |LED<1>         |   19.675|
SW<1>          |LED<2>         |   20.177|
SW<1>          |LED<3>         |   19.610|
SW<1>          |LED<4>         |   19.733|
SW<1>          |LED<5>         |   19.023|
SW<1>          |LED<6>         |   19.538|
SW<1>          |LED<7>         |   19.106|
SW<1>          |LED<8>         |   21.511|
SW<1>          |LED<9>         |   22.455|
SW<1>          |LED<10>        |   20.156|
SW<1>          |LED<11>        |   20.277|
SW<1>          |LED<12>        |   20.259|
SW<1>          |LED<13>        |   21.088|
SW<1>          |LED<14>        |   20.427|
SW<1>          |LED<15>        |   20.234|
SW<2>          |LED<0>         |   18.314|
SW<2>          |LED<1>         |   19.338|
SW<2>          |LED<2>         |   19.840|
SW<2>          |LED<3>         |   19.273|
SW<2>          |LED<4>         |   19.396|
SW<2>          |LED<5>         |   18.686|
SW<2>          |LED<6>         |   19.201|
SW<2>          |LED<7>         |   18.769|
SW<2>          |LED<8>         |   21.174|
SW<2>          |LED<9>         |   22.118|
SW<2>          |LED<10>        |   19.819|
SW<2>          |LED<11>        |   19.940|
SW<2>          |LED<12>        |   19.922|
SW<2>          |LED<13>        |   20.751|
SW<2>          |LED<14>        |   20.090|
SW<2>          |LED<15>        |   19.897|
SW<3>          |LED<0>         |   17.786|
SW<3>          |LED<1>         |   18.810|
SW<3>          |LED<2>         |   19.312|
SW<3>          |LED<3>         |   18.745|
SW<3>          |LED<4>         |   18.868|
SW<3>          |LED<5>         |   18.158|
SW<3>          |LED<6>         |   18.673|
SW<3>          |LED<7>         |   18.241|
SW<3>          |LED<8>         |   20.646|
SW<3>          |LED<9>         |   21.590|
SW<3>          |LED<10>        |   19.291|
SW<3>          |LED<11>        |   19.412|
SW<3>          |LED<12>        |   19.394|
SW<3>          |LED<13>        |   20.223|
SW<3>          |LED<14>        |   19.562|
SW<3>          |LED<15>        |   19.369|
SW<4>          |LED<0>         |   17.912|
SW<4>          |LED<1>         |   18.936|
SW<4>          |LED<2>         |   19.438|
SW<4>          |LED<3>         |   18.871|
SW<4>          |LED<4>         |   18.994|
SW<4>          |LED<5>         |   18.284|
SW<4>          |LED<6>         |   18.799|
SW<4>          |LED<7>         |   18.367|
SW<4>          |LED<8>         |   20.772|
SW<4>          |LED<9>         |   21.716|
SW<4>          |LED<10>        |   19.417|
SW<4>          |LED<11>        |   19.538|
SW<4>          |LED<12>        |   19.520|
SW<4>          |LED<13>        |   20.349|
SW<4>          |LED<14>        |   19.688|
SW<4>          |LED<15>        |   19.495|
SW<5>          |LED<0>         |   18.942|
SW<5>          |LED<1>         |   19.966|
SW<5>          |LED<2>         |   20.468|
SW<5>          |LED<3>         |   19.901|
SW<5>          |LED<4>         |   20.024|
SW<5>          |LED<5>         |   19.314|
SW<5>          |LED<6>         |   19.829|
SW<5>          |LED<7>         |   19.397|
SW<5>          |LED<8>         |   21.802|
SW<5>          |LED<9>         |   22.746|
SW<5>          |LED<10>        |   20.447|
SW<5>          |LED<11>        |   20.568|
SW<5>          |LED<12>        |   20.550|
SW<5>          |LED<13>        |   21.379|
SW<5>          |LED<14>        |   20.718|
SW<5>          |LED<15>        |   20.525|
SW<6>          |LED<0>         |   20.291|
SW<6>          |LED<1>         |   21.315|
SW<6>          |LED<2>         |   21.817|
SW<6>          |LED<3>         |   21.250|
SW<6>          |LED<4>         |   21.373|
SW<6>          |LED<5>         |   20.663|
SW<6>          |LED<6>         |   21.178|
SW<6>          |LED<7>         |   20.746|
SW<6>          |LED<8>         |   23.151|
SW<6>          |LED<9>         |   24.095|
SW<6>          |LED<10>        |   21.796|
SW<6>          |LED<11>        |   21.917|
SW<6>          |LED<12>        |   21.899|
SW<6>          |LED<13>        |   22.728|
SW<6>          |LED<14>        |   22.067|
SW<6>          |LED<15>        |   21.874|
SW<7>          |LED<0>         |   19.944|
SW<7>          |LED<1>         |   20.968|
SW<7>          |LED<2>         |   21.470|
SW<7>          |LED<3>         |   20.903|
SW<7>          |LED<4>         |   21.026|
SW<7>          |LED<5>         |   20.316|
SW<7>          |LED<6>         |   20.831|
SW<7>          |LED<7>         |   20.399|
SW<7>          |LED<8>         |   22.804|
SW<7>          |LED<9>         |   23.748|
SW<7>          |LED<10>        |   21.449|
SW<7>          |LED<11>        |   21.570|
SW<7>          |LED<12>        |   21.552|
SW<7>          |LED<13>        |   22.381|
SW<7>          |LED<14>        |   21.720|
SW<7>          |LED<15>        |   21.527|
SW<8>          |LED<0>         |   19.947|
SW<8>          |LED<1>         |   20.971|
SW<8>          |LED<2>         |   21.473|
SW<8>          |LED<3>         |   20.906|
SW<8>          |LED<4>         |   21.029|
SW<8>          |LED<5>         |   20.319|
SW<8>          |LED<6>         |   20.834|
SW<8>          |LED<7>         |   20.402|
SW<8>          |LED<8>         |   22.807|
SW<8>          |LED<9>         |   23.751|
SW<8>          |LED<10>        |   21.452|
SW<8>          |LED<11>        |   21.573|
SW<8>          |LED<12>        |   21.555|
SW<8>          |LED<13>        |   22.384|
SW<8>          |LED<14>        |   21.723|
SW<8>          |LED<15>        |   21.530|
SW<9>          |LED<0>         |   22.911|
SW<9>          |LED<1>         |   23.935|
SW<9>          |LED<2>         |   24.437|
SW<9>          |LED<3>         |   23.870|
SW<9>          |LED<4>         |   23.993|
SW<9>          |LED<5>         |   23.283|
SW<9>          |LED<6>         |   23.798|
SW<9>          |LED<7>         |   23.366|
SW<9>          |LED<8>         |   25.771|
SW<9>          |LED<9>         |   26.715|
SW<9>          |LED<10>        |   24.416|
SW<9>          |LED<11>        |   24.537|
SW<9>          |LED<12>        |   24.519|
SW<9>          |LED<13>        |   25.348|
SW<9>          |LED<14>        |   24.687|
SW<9>          |LED<15>        |   24.494|
SW<10>         |LED<0>         |   22.866|
SW<10>         |LED<1>         |   23.890|
SW<10>         |LED<2>         |   24.392|
SW<10>         |LED<3>         |   23.825|
SW<10>         |LED<4>         |   23.948|
SW<10>         |LED<5>         |   23.238|
SW<10>         |LED<6>         |   23.753|
SW<10>         |LED<7>         |   23.321|
SW<10>         |LED<8>         |   25.726|
SW<10>         |LED<9>         |   26.670|
SW<10>         |LED<10>        |   24.371|
SW<10>         |LED<11>        |   24.492|
SW<10>         |LED<12>        |   24.474|
SW<10>         |LED<13>        |   25.303|
SW<10>         |LED<14>        |   24.642|
SW<10>         |LED<15>        |   24.449|
SW<11>         |LED<0>         |   22.411|
SW<11>         |LED<1>         |   23.435|
SW<11>         |LED<2>         |   23.937|
SW<11>         |LED<3>         |   23.370|
SW<11>         |LED<4>         |   23.493|
SW<11>         |LED<5>         |   22.783|
SW<11>         |LED<6>         |   23.298|
SW<11>         |LED<7>         |   22.866|
SW<11>         |LED<8>         |   25.271|
SW<11>         |LED<9>         |   26.215|
SW<11>         |LED<10>        |   23.916|
SW<11>         |LED<11>        |   24.037|
SW<11>         |LED<12>        |   24.019|
SW<11>         |LED<13>        |   24.848|
SW<11>         |LED<14>        |   24.187|
SW<11>         |LED<15>        |   23.994|
SW<12>         |LED<0>         |   23.431|
SW<12>         |LED<1>         |   24.455|
SW<12>         |LED<2>         |   24.957|
SW<12>         |LED<3>         |   24.390|
SW<12>         |LED<4>         |   24.513|
SW<12>         |LED<5>         |   23.803|
SW<12>         |LED<6>         |   24.318|
SW<12>         |LED<7>         |   23.886|
SW<12>         |LED<8>         |   26.291|
SW<12>         |LED<9>         |   27.235|
SW<12>         |LED<10>        |   24.936|
SW<12>         |LED<11>        |   25.057|
SW<12>         |LED<12>        |   25.039|
SW<12>         |LED<13>        |   25.868|
SW<12>         |LED<14>        |   25.207|
SW<12>         |LED<15>        |   25.014|
SW<13>         |LED<0>         |   22.949|
SW<13>         |LED<1>         |   23.973|
SW<13>         |LED<2>         |   24.475|
SW<13>         |LED<3>         |   23.908|
SW<13>         |LED<4>         |   24.031|
SW<13>         |LED<5>         |   23.321|
SW<13>         |LED<6>         |   23.836|
SW<13>         |LED<7>         |   23.404|
SW<13>         |LED<8>         |   25.809|
SW<13>         |LED<9>         |   26.753|
SW<13>         |LED<10>        |   24.454|
SW<13>         |LED<11>        |   24.575|
SW<13>         |LED<12>        |   24.557|
SW<13>         |LED<13>        |   25.386|
SW<13>         |LED<14>        |   24.725|
SW<13>         |LED<15>        |   24.532|
SW<14>         |LED<0>         |   23.718|
SW<14>         |LED<1>         |   24.742|
SW<14>         |LED<2>         |   25.244|
SW<14>         |LED<3>         |   24.677|
SW<14>         |LED<4>         |   24.800|
SW<14>         |LED<5>         |   24.090|
SW<14>         |LED<6>         |   24.605|
SW<14>         |LED<7>         |   24.173|
SW<14>         |LED<8>         |   26.578|
SW<14>         |LED<9>         |   27.522|
SW<14>         |LED<10>        |   25.223|
SW<14>         |LED<11>        |   25.344|
SW<14>         |LED<12>        |   25.326|
SW<14>         |LED<13>        |   26.155|
SW<14>         |LED<14>        |   25.494|
SW<14>         |LED<15>        |   25.301|
SW<15>         |LED<0>         |   20.124|
SW<15>         |LED<1>         |   21.148|
SW<15>         |LED<2>         |   21.650|
SW<15>         |LED<3>         |   21.083|
SW<15>         |LED<4>         |   21.206|
SW<15>         |LED<5>         |   20.496|
SW<15>         |LED<6>         |   21.011|
SW<15>         |LED<7>         |   20.579|
SW<15>         |LED<8>         |   22.984|
SW<15>         |LED<9>         |   23.928|
SW<15>         |LED<10>        |   21.629|
SW<15>         |LED<11>        |   21.750|
SW<15>         |LED<12>        |   21.732|
SW<15>         |LED<13>        |   22.561|
SW<15>         |LED<14>        |   21.900|
SW<15>         |LED<15>        |   21.707|
data_ready     |LED<0>         |   16.556|
---------------+---------------+---------+


Analysis completed Wed Jul 29 10:20:59 2015 
--------------------------------------------------------------------------------

Trace Settings:
-------------------------
Trace Settings 

Peak Memory Usage: 368 MB



